// Jest Snapshot v1, https://goo.gl/fbAQLP

exports[`renders correctly 1`] = `
<View
  style={
    Array [
      Object {
        "alignItems": "center",
        "backgroundColor": "#FFF8E3",
        "flex": 1,
        "justifyContent": "center",
        "padding": 10,
        "paddingTop": 20,
      },
      Object {
        "paddingBottom": undefined,
      },
    ]
  }
>
  <TextInput
    allowFontScaling={true}
    maxLength={30}
    onChangeText={[Function]}
    onSubmitEditing={[Function]}
    placeholder="Add Tasks"
    returnKeyLabel="done"
    returnKeyType="done"
    style={
      Object {
        "borderColor": "#EFCE63",
        "borderWidth": 1,
        "height": 40,
        "paddingLeft": 10,
        "paddingRight": 10,
        "width": "100%",
      }
    }
    value=""
  />
</View>
`;
